> Input = read.csv("D:/vaibhav/trend nxt/topgear/R Community/Pima_Indian/Pima Indians Diabetes Binary Classification dataset.csv", header = TRUE)
> head(Input)
  Number.of.times.pregnant
1                        6
2                        1
3                        8
4                        1
5                        0
6                        5
  Plasma.glucose.concentration.a.2.hours.in.an.oral.glucose.tolerance.test
1                                                                      148
2                                                                       85
3                                                                      183
4                                                                       89
5                                                                      137
6                                                                      116
  Diastolic.blood.pressure..mm.Hg. Triceps.skin.fold.thickness..mm.
1                               72                               35
2                               66                               29
3                               64                                0
4                               66                               23
5                               40                               35
6                               74                                0
  X2.Hour.serum.insulin..mu.U.ml. Body.mass.index..weight.in.kg..height.in.m..2.
1                               0                                           33.6
2                               0                                           26.6
3                               0                                           23.3
4                              94                                           28.1
5                             168                                           43.1
6                               0                                           25.6
  Diabetes.pedigree.function Age..years. Class.variable..0.or.1.
1                      0.627          50                       1
2                      0.351          31                       0
3                      0.672          32                       1
4                      0.167          21                       0
5                      2.288          33                       1
6                      0.201          30                       0
> summary(Input)
 Number.of.times.pregnant
 Min.   : 0.000          
 1st Qu.: 1.000          
 Median : 3.000          
 Mean   : 3.845          
 3rd Qu.: 6.000          
 Max.   :17.000          
 Plasma.glucose.concentration.a.2.hours.in.an.oral.glucose.tolerance.test
 Min.   :  0.0                                                           
 1st Qu.: 99.0                                                           
 Median :117.0                                                           
 Mean   :120.9                                                           
 3rd Qu.:140.2                                                           
 Max.   :199.0                                                           
 Diastolic.blood.pressure..mm.Hg. Triceps.skin.fold.thickness..mm.
 Min.   :  0.00                   Min.   : 0.00                   
 1st Qu.: 62.00                   1st Qu.: 0.00                   
 Median : 72.00                   Median :23.00                   
 Mean   : 69.11                   Mean   :20.54                   
 3rd Qu.: 80.00                   3rd Qu.:32.00                   
 Max.   :122.00                   Max.   :99.00                   
 X2.Hour.serum.insulin..mu.U.ml. Body.mass.index..weight.in.kg..height.in.m..2.
 Min.   :  0.0                   Min.   : 0.00                                 
 1st Qu.:  0.0                   1st Qu.:27.30                                 
 Median : 30.5                   Median :32.00                                 
 Mean   : 79.8                   Mean   :31.99                                 
 3rd Qu.:127.2                   3rd Qu.:36.60                                 
 Max.   :846.0                   Max.   :67.10                                 
 Diabetes.pedigree.function  Age..years.    Class.variable..0.or.1.
 Min.   :0.0780             Min.   :21.00   Min.   :0.000          
 1st Qu.:0.2437             1st Qu.:24.00   1st Qu.:0.000          
 Median :0.3725             Median :29.00   Median :0.000          
 Mean   :0.4719             Mean   :33.24   Mean   :0.349          
 3rd Qu.:0.6262             3rd Qu.:41.00   3rd Qu.:1.000          
 Max.   :2.4200             Max.   :81.00   Max.   :1.000          
> colnames(Input)
[1] "Number.of.times.pregnant"                                                
[2] "Plasma.glucose.concentration.a.2.hours.in.an.oral.glucose.tolerance.test"
[3] "Diastolic.blood.pressure..mm.Hg."                                        
[4] "Triceps.skin.fold.thickness..mm."                                        
[5] "X2.Hour.serum.insulin..mu.U.ml."                                         
[6] "Body.mass.index..weight.in.kg..height.in.m..2."                          
[7] "Diabetes.pedigree.function"                                              
[8] "Age..years."                                                             
[9] "Class.variable..0.or.1."                                                 
> str(Input)
'data.frame':	768 obs. of  9 variables:
 $ Number.of.times.pregnant                                                : int  6 1 8 1 0 5 3 10 2 8 ...
 $ Plasma.glucose.concentration.a.2.hours.in.an.oral.glucose.tolerance.test: int  148 85 183 89 137 116 78 115 197 125 ...
 $ Diastolic.blood.pressure..mm.Hg.                                        : int  72 66 64 66 40 74 50 0 70 96 ...
 $ Triceps.skin.fold.thickness..mm.                                        : int  35 29 0 23 35 0 32 0 45 0 ...
 $ X2.Hour.serum.insulin..mu.U.ml.                                         : int  0 0 0 94 168 0 88 0 543 0 ...
 $ Body.mass.index..weight.in.kg..height.in.m..2.                          : num  33.6 26.6 23.3 28.1 43.1 25.6 31 35.3 30.5 0 ...
 $ Diabetes.pedigree.function                                              : num  0.627 0.351 0.672 0.167 2.288 ...
 $ Age..years.                                                             : int  50 31 32 21 33 30 26 29 53 54 ...
 $ Class.variable..0.or.1.                                                 : int  1 0 1 0 1 0 1 0 1 1 ...
> logitfit = glm(Class.variable..0.or.1. ~ Number.of.times.pregnant + Plasma.glucose.concentration.a.2.hours.in.an.oral.glucose.tolerance.test + Diastolic.blood.pressure..mm.Hg. + Triceps.skin.fold.thickness..mm. + X2.Hour.serum.insulin..mu.U.ml. + Body.mass.index..weight.in.kg..height.in.m..2. + Diabetes.pedigree.function + Age..years., data=Input, family=binomial(logit))
> summary(logitfit)

Call:
glm(formula = Class.variable..0.or.1. ~ Number.of.times.pregnant + 
    Plasma.glucose.concentration.a.2.hours.in.an.oral.glucose.tolerance.test + 
    Diastolic.blood.pressure..mm.Hg. + Triceps.skin.fold.thickness..mm. + 
    X2.Hour.serum.insulin..mu.U.ml. + Body.mass.index..weight.in.kg..height.in.m..2. + 
    Diabetes.pedigree.function + Age..years., family = binomial(logit), 
    data = Input)

Deviance Residuals: 
    Min       1Q   Median       3Q      Max  
-2.5566  -0.7274  -0.4159   0.7267   2.9297  

Coefficients:
                                                                           Estimate
(Intercept)                                                              -8.4046964
Number.of.times.pregnant                                                  0.1231823
Plasma.glucose.concentration.a.2.hours.in.an.oral.glucose.tolerance.test  0.0351637
Diastolic.blood.pressure..mm.Hg.                                         -0.0132955
Triceps.skin.fold.thickness..mm.                                          0.0006190
X2.Hour.serum.insulin..mu.U.ml.                                          -0.0011917
Body.mass.index..weight.in.kg..height.in.m..2.                            0.0897010
Diabetes.pedigree.function                                                0.9451797
Age..years.                                                               0.0148690
                                                                         Std. Error
(Intercept)                                                               0.7166359
Number.of.times.pregnant                                                  0.0320776
Plasma.glucose.concentration.a.2.hours.in.an.oral.glucose.tolerance.test  0.0037087
Diastolic.blood.pressure..mm.Hg.                                          0.0052336
Triceps.skin.fold.thickness..mm.                                          0.0068994
X2.Hour.serum.insulin..mu.U.ml.                                           0.0009012
Body.mass.index..weight.in.kg..height.in.m..2.                            0.0150876
Diabetes.pedigree.function                                                0.2991475
Age..years.                                                               0.0093348
                                                                         z value
(Intercept)                                                              -11.728
Number.of.times.pregnant                                                   3.840
Plasma.glucose.concentration.a.2.hours.in.an.oral.glucose.tolerance.test   9.481
Diastolic.blood.pressure..mm.Hg.                                          -2.540
Triceps.skin.fold.thickness..mm.                                           0.090
X2.Hour.serum.insulin..mu.U.ml.                                           -1.322
Body.mass.index..weight.in.kg..height.in.m..2.                             5.945
Diabetes.pedigree.function                                                 3.160
Age..years.                                                                1.593
                                                                         Pr(>|z|)
(Intercept)                                                               < 2e-16
Number.of.times.pregnant                                                 0.000123
Plasma.glucose.concentration.a.2.hours.in.an.oral.glucose.tolerance.test  < 2e-16
Diastolic.blood.pressure..mm.Hg.                                         0.011072
Triceps.skin.fold.thickness..mm.                                         0.928515
X2.Hour.serum.insulin..mu.U.ml.                                          0.186065
Body.mass.index..weight.in.kg..height.in.m..2.                           2.76e-09
Diabetes.pedigree.function                                               0.001580
Age..years.                                                              0.111192
                                                                            
(Intercept)                                                              ***
Number.of.times.pregnant                                                 ***
Plasma.glucose.concentration.a.2.hours.in.an.oral.glucose.tolerance.test ***
Diastolic.blood.pressure..mm.Hg.                                         *  
Triceps.skin.fold.thickness..mm.                                            
X2.Hour.serum.insulin..mu.U.ml.                                             
Body.mass.index..weight.in.kg..height.in.m..2.                           ***
Diabetes.pedigree.function                                               ** 
Age..years.                                                                 
---
Signif. codes:  0 ‘***’ 0.001 ‘**’ 0.01 ‘*’ 0.05 ‘.’ 0.1 ‘ ’ 1

(Dispersion parameter for binomial family taken to be 1)

    Null deviance: 993.48  on 767  degrees of freedom
Residual deviance: 723.45  on 759  degrees of freedom
AIC: 741.45

Number of Fisher Scoring iterations: 5

> Model1Pred = round(predict(logitfit, Input, type="response"))
> table(Input$Class.variable..0.or.1., Model1Pred)
   Model1Pred
      0   1
  0 445  55
  1 112 156
> Input$Predicted = Model1Pred
> write.csv(Input, "D:/vaibhav/trend nxt/topgear/R Community/Pima_Indian/Output.csv")
> 